$ pnpm stryker run /Users/garibong/.openclaw/workspace/tmp/zod-prod-regression-5891/.openclaw-signal/p2-prod-record-key-transform-outkey/stryker.signal.config.mjs
status=0
## stdout
[32m16:19:31 (41245) INFO ProjectReader[39m Found 1 of 598 file(s) to be mutated.
[32m16:19:31 (41245) INFO ProjectReader[39m Found 1 test file(s) matching --testFiles patterns.
[32m16:19:31 (41245) INFO Instrumenter[39m Instrumented 1 source file(s) with 2 mutant(s)
[32m16:19:31 (41245) INFO ConcurrencyTokenProvider[39m Creating 2 test runner process(es).
[32m16:19:32 (41245) INFO DryRunExecutor[39m Starting initial test run (vitest test runner with "perTest" coverage analysis). This may take a while.
[32m16:19:32 (41245) INFO DryRunExecutor[39m Initial test run succeeded. Ran 24 tests in 0 seconds (net 17.717415999999844 ms, overhead 364.28258400000016 ms).

All tests/record.test.ts
  ✘ type inference (covered 0)
  ✓ enum exhaustiveness (killed 2)
  ~ typescript enum exhaustiveness (covered 2)
  ~ literal exhaustiveness (covered 2)
  ~ pipe exhaustiveness (covered 2)
  ~ union exhaustiveness (covered 2)
  ~ applies transforms on the key schema (#5296) (covered 2)
  ~ surfaces key schema refinement failures as invalid_key (covered 2)
  ✘ string record parse - pass (covered 0)
  ✘ key and value getters (covered 0)
  ✘ is not vulnerable to prototype pollution (covered 0)
  ✘ dont remove undefined values (covered 0)
  ✘ allow undefined values (covered 0)
  ✘ async parsing (covered 0)
  ✘ partial record (covered 0)
  ✘ partialRecord with z.literal([key, ...]) (covered 0)
  ✘ partialRecord with numeric literal keys (covered 0)
  ✘ partialRecord with union of string and numeric literal keys (covered 0)
  ✘ looseRecord passes through non-matching keys (covered 0)
  ✘ intersection of loose records (covered 0)
  ✘ object with looseRecord index signature (covered 0)
  ✘ numeric string keys (covered 0)
  ✘ v3-compat single-arg form: z.record(valueType) (covered 0)

Ran 1.00 tests per mutant on average.
------------|------------------|----------|-----------|------------|----------|----------|
            | % Mutation score |          |           |            |          |          |
File        |  total | covered | # killed | # timeout | # survived | # no cov | # errors |
------------|--------|---------|----------|-----------|------------|----------|----------|
All files   | 100.00 |  100.00 |        2 |         0 |          0 |        0 |        0 |
 schemas.ts | 100.00 |  100.00 |        2 |         0 |          0 |        0 |        0 |
------------|--------|---------|----------|-----------|------------|----------|----------|
[32m16:19:33 (41245) INFO MutationTestReportHelper[39m Final mutation score of 100.00 is greater than or equal to break threshold 0
[32m16:19:33 (41245) INFO JsonReporter[39m Your report can be found at: file:///private/tmp/zod-week1-orphan-archive/experiments/zod-repair-classification-matrix/cases/p2-prod-record-key-transform/signal/output-key-storage/stryker/mutation.json
[32m16:19:33 (41245) INFO MutationTestExecutor[39m Done in 2 seconds.

## stderr