$ pnpm stryker run <worktree>/s06-6d47791b/.openclaw-signal/s06-6d47791b/stryker.signal.config.mjs
status=0
## stdout
[32m16:09:57 (21569) INFO ProjectReader[39m Found 1 of 448 file(s) to be mutated.
[32m16:09:57 (21569) INFO ProjectReader[39m Found 2 test file(s) matching --testFiles patterns.
[32m16:09:57 (21569) INFO Instrumenter[39m Instrumented 1 source file(s) with 0 mutant(s)
[32m16:09:57 (21569) INFO ConcurrencyTokenProvider[39m Creating 2 test runner process(es).
[32m16:09:57 (21569) INFO DryRunExecutor[39m Starting initial test run (vitest test runner with "perTest" coverage analysis). This may take a while.
[32m16:09:58 (21569) INFO DryRunExecutor[39m Initial test run succeeded. Ran 68 tests in 0 seconds (net 30.959709999999518 ms, overhead 412.0402900000005 ms).

All tests
  error-utils.test.ts
    ✘ regular error (covered 0)
    ✘ .flatten() (covered 0)
    ✘ custom .flatten() (covered 0)
    ✘ .format() (covered 0)
    ✘ custom .format() (covered 0)
    ✘ all errors (covered 0)
    ✘ z.treeifyError (covered 0)
    ✘ z.treeifyError 2 (covered 0)
    ✘ z.prettifyError (covered 0)
    ✘ z.toDotPath (covered 0)
    ✘ inheritance (covered 0)
  index.test.ts
    ✘ z.boolean (covered 0)
    ✘ z.bigint (covered 0)
    ✘ z.symbol (covered 0)
    ✘ z.date (covered 0)
    ✘ z.coerce.string (covered 0)
    ✘ z.coerce.number (covered 0)
    ✘ z.coerce.boolean (covered 0)
    ✘ z.coerce.bigint (covered 0)
    ✘ z.coerce.date (covered 0)
    ✘ z.iso.datetime (covered 0)
    ✘ z.iso.date (covered 0)
    ✘ z.iso.time (covered 0)
    ✘ z.iso.duration (covered 0)
    ✘ z.undefined (covered 0)
    ✘ z.null (covered 0)
    ✘ z.any (covered 0)
    ✘ z.unknown (covered 0)
    ✘ z.never (covered 0)
    ✘ z.void (covered 0)
    ✘ z.array (covered 0)
    ✘ z.union (covered 0)
    ✘ z.discriminatedUnion (covered 0)
    ✘ z.discriminatedUnion with nested discriminator (covered 0)
    ✘ z.discriminatedUnion nested (covered 0)
    ✘ z.intersection (covered 0)
    ✘ z.tuple (covered 0)
    ✘ z.record (covered 0)
    ✘ z.map (covered 0)
    ✘ z.map invalid_element (covered 0)
    ✘ z.map async (covered 0)
    ✘ z.set (covered 0)
    ✘ z.enum (covered 0)
    ✘ z.enum - native (covered 0)
    ✘ z.nativeEnum (covered 0)
    ✘ z.literal (covered 0)
    ✘ z.file (covered 0)
    ✘ z.transform (covered 0)
    ✘ z.transform async (covered 0)
    ✘ z.preprocess (covered 0)
    ✘ z.optional (covered 0)
    ✘ z.nullable (covered 0)
    ✘ z.default (covered 0)
    ✘ z.catch (covered 0)
    ✘ z.nan (covered 0)
    ✘ z.pipe (covered 0)
    ✘ z.readonly (covered 0)
    ✘ z.templateLiteral (covered 0)
    ✘ z.custom (covered 0)
    ✘ z.check (covered 0)
    ✘ z.instanceof (covered 0)
    ✘ z.refine (covered 0)
    ✘ z.$brand() (covered 0)
    ✘ z.lazy (covered 0)
    ✘ z.json (covered 0)
    ✘ z.stringbool (covered 0)
    ✘ z.promise (covered 0)

Ran NaN tests per mutant on average.
----------|------------------|----------|-----------|------------|----------|----------|
          | % Mutation score |          |           |            |          |          |
File      |  total | covered | # killed | # timeout | # survived | # no cov | # errors |
----------|--------|---------|----------|-----------|------------|----------|----------|
All files |    n/a |     n/a |        0 |         0 |          0 |        0 |        0 |
----------|--------|---------|----------|-----------|------------|----------|----------|
[32m16:09:58 (21569) INFO MutationTestReportHelper[39m Final mutation score of NaN is greater than or equal to break threshold 0
[32m16:09:58 (21569) INFO JsonReporter[39m Your report can be found at: file://<repo>/experiments/zod-repair-classification-v2/cases/s06-6d47791b/signal/errors/stryker/mutation.json
[32m16:09:58 (21569) INFO MutationTestExecutor[39m Done in 1 second.

## stderr