packages/zod/src/v4/core/$ZodCheckIncludes.pilot.test.ts(81,39): error TS2345: Argument of type '{ includes: string; }' is not assignable to parameter of type '$ZodCheckIncludesDef'.
  Type '{ includes: string; }' is missing the following properties from type '$ZodCheckIncludesDef': check, format
packages/zod/src/v4/core/$ZodCheckIncludes.pilot.test.ts(112,45): error TS2345: Argument of type '{ includes: string; position: number; }' is not assignable to parameter of type '$ZodCheckIncludesDef'.
  Type '{ includes: string; position: number; }' is missing the following properties from type '$ZodCheckIncludesDef': check, format
packages/zod/src/v4/core/$ZodCheckIncludes.pilot.test.ts(118,26): error TS2345: Argument of type '{ value: string; issues: Array<{ origin: string; code: string; format: string; includes: string; input: string; inst: unknown; continue: boolean; }>; }' is not assignable to parameter of type 'ParsePayload<string>'.
  Types of property 'issues' are incompatible.
    Type '{ origin: string; code: string; format: string; includes: string; input: string; inst: unknown; continue: boolean; }[]' is not assignable to type '({ [x: string]: any; readonly input: Record<string, unknown>; readonly code: "unrecognized_keys"; readonly keys: string[]; readonly message?: string | undefined; readonly path?: PropertyKey[] | undefined; readonly inst?: $ZodType<...> | $ZodCheck<...>; readonly continue?: boolean | undefined; } | ... 9 more ... | { ...'.
      Type '{ origin: string; code: string; format: string; includes: string; input: string; inst: unknown; continue: boolean; }' is not assignable to type '{ [x: string]: any; readonly input: Record<string, unknown>; readonly code: "unrecognized_keys"; readonly keys: string[]; readonly message?: string | undefined; readonly path?: PropertyKey[] | undefined; readonly inst?: $ZodType<...> | $ZodCheck<...>; readonly continue?: boolean | undefined; } | ... 9 more ... | { ....'.
        Type '{ origin: string; code: string; format: string; includes: string; input: string; inst: unknown; continue: boolean; }' is not assignable to type '{ [x: string]: any; readonly input: Record<string, unknown>; readonly code: "unrecognized_keys"; readonly keys: string[]; readonly message?: string | undefined; readonly path?: PropertyKey[] | undefined; readonly inst?: $ZodType<...> | $ZodCheck<...>; readonly continue?: boolean | undefined; } | ... 7 more ... | { ....'.
          Type '{ origin: string; code: string; format: string; includes: string; input: string; inst: unknown; continue: boolean; }' is not assignable to type '{ [x: string]: any; readonly input: unknown; readonly code: "custom"; readonly params?: Record<string, any> | undefined; readonly message?: string | undefined; readonly path?: PropertyKey[] | undefined; readonly inst?: $ZodType<...> | $ZodCheck<...>; readonly continue?: boolean | undefined; }'.
            Types of property 'code' are incompatible.
              Type 'string' is not assignable to type '"custom"'.
packages/zod/src/v4/core/$ZodCheckIncludes.pilot.test.ts(123,26): error TS2345: Argument of type '{ value: string; issues: Array<{ origin: string; code: string; format: string; includes: string; input: string; inst: unknown; continue: boolean; }>; }' is not assignable to parameter of type 'ParsePayload<string>'.
packages/zod/src/v4/core/$ZodCheckIncludes.pilot.test.ts(128,45): error TS2345: Argument of type '{ includes: string; }' is not assignable to parameter of type '$ZodCheckIncludesDef'.
  Type '{ includes: string; }' is missing the following properties from type '$ZodCheckIncludesDef': check, format
packages/zod/src/v4/core/$ZodCheckIncludes.pilot.test.ts(132,26): error TS2345: Argument of type '{ value: string; issues: Array<{ origin: string; code: string; format: string; includes: string; input: string; inst: unknown; continue: boolean; }>; }' is not assignable to parameter of type 'ParsePayload<string>'.
packages/zod/src/v4/core/$ZodCheckIncludes.pilot.test.ts(137,45): error TS2345: Argument of type '{ includes: string; position: number; }' is not assignable to parameter of type '$ZodCheckIncludesDef'.
  Type '{ includes: string; position: number; }' is missing the following properties from type '$ZodCheckIncludesDef': check, format
packages/zod/src/v4/core/$ZodCheckIncludes.pilot.test.ts(141,26): error TS2345: Argument of type '{ value: string; issues: Array<{ origin: string; code: string; format: string; includes: string; input: string; inst: unknown; continue: boolean; }>; }' is not assignable to parameter of type 'ParsePayload<string>'.
packages/zod/src/v4/core/$ZodCheckIncludes.pilot.test.ts(153,45): error TS2345: Argument of type '{ includes: string; }' is not assignable to parameter of type '$ZodCheckIncludesDef'.
  Type '{ includes: string; }' is missing the following properties from type '$ZodCheckIncludesDef': check, format
packages/zod/src/v4/core/$ZodCheckIncludes.pilot.test.ts(159,28): error TS2345: Argument of type '{ value: string; issues: Array<{ origin: string; code: string; format: string; includes: string; input: string; inst: unknown; continue: boolean; }>; }' is not assignable to parameter of type 'ParsePayload<string>'.
packages/zod/src/v4/core/$ZodCheckIncludes.pilot.test.ts(172,45): error TS2345: Argument of type '{ includes: string; position: number; }' is not assignable to parameter of type '$ZodCheckIncludesDef'.
  Type '{ includes: string; position: number; }' is missing the following properties from type '$ZodCheckIncludesDef': check, format
packages/zod/src/v4/core/$ZodCheckIncludes.pilot.test.ts(179,32): error TS2339: Property 'bag' does not exist on type '$ZodCheckIncludesInternals'.
packages/zod/src/v4/core/$ZodCheckIncludes.pilot.test.ts(188,12): error TS18046: 'storedPattern' is of type 'unknown'.
packages/zod/src/v4/core/$ZodCheckIncludes.pilot.test.ts(193,45): error TS2345: Argument of type '{ includes: string; }' is not assignable to parameter of type '$ZodCheckIncludesDef'.
  Type '{ includes: string; }' is missing the following properties from type '$ZodCheckIncludesDef': check, format
packages/zod/src/v4/core/$ZodCheckIncludes.pilot.test.ts(197,32): error TS2339: Property 'bag' does not exist on type '$ZodCheckIncludesInternals'.
packages/zod/src/v4/core/$ZodCheckIncludes.pilot.test.ts(202,12): error TS18046: 'storedPattern' is of type 'unknown'.
packages/zod/src/v4/core/$ZodCheckIncludes.pilot.test.ts(212,45): error TS2345: Argument of type '{ includes: string; }' is not assignable to parameter of type '$ZodCheckIncludesDef'.
  Type '{ includes: string; }' is missing the following properties from type '$ZodCheckIncludesDef': check, format
