packages/zod/src/v4/core/$ZodDate.pilot.test.ts(10,23): error TS2379: Argument of type '{ type: "date"; coerce: boolean | undefined; }' is not assignable to parameter of type '$ZodDateDef' with 'exactOptionalPropertyTypes: true'. Consider adding 'undefined' to the types of the target's properties.
  Types of property 'coerce' are incompatible.
    Type 'boolean | undefined' is not assignable to type 'boolean'.
      Type 'undefined' is not assignable to type 'boolean'.
packages/zod/src/v4/core/$ZodDate.pilot.test.ts(26,47): error TS2345: Argument of type 'undefined' is not assignable to parameter of type 'ParseContextInternal<never>'.
packages/zod/src/v4/core/$ZodDate.pilot.test.ts(28,19): error TS2339: Property 'value' does not exist on type 'MaybeAsync<ParsePayload<unknown>>'.
  Property 'value' does not exist on type 'Promise<ParsePayload<unknown>>'.
packages/zod/src/v4/core/$ZodDate.pilot.test.ts(29,19): error TS2339: Property 'issues' does not exist on type 'MaybeAsync<ParsePayload<unknown>>'.
  Property 'issues' does not exist on type 'Promise<ParsePayload<unknown>>'.
packages/zod/src/v4/core/$ZodDate.pilot.test.ts(37,47): error TS2345: Argument of type 'undefined' is not assignable to parameter of type 'ParseContextInternal<never>'.
packages/zod/src/v4/core/$ZodDate.pilot.test.ts(38,19): error TS2339: Property 'value' does not exist on type 'MaybeAsync<ParsePayload<unknown>>'.
  Property 'value' does not exist on type 'Promise<ParsePayload<unknown>>'.
packages/zod/src/v4/core/$ZodDate.pilot.test.ts(39,19): error TS2339: Property 'issues' does not exist on type 'MaybeAsync<ParsePayload<unknown>>'.
  Property 'issues' does not exist on type 'Promise<ParsePayload<unknown>>'.
packages/zod/src/v4/core/$ZodDate.pilot.test.ts(49,47): error TS2345: Argument of type 'undefined' is not assignable to parameter of type 'ParseContextInternal<never>'.
packages/zod/src/v4/core/$ZodDate.pilot.test.ts(50,19): error TS2339: Property 'value' does not exist on type 'MaybeAsync<ParsePayload<unknown>>'.
  Property 'value' does not exist on type 'Promise<ParsePayload<unknown>>'.
packages/zod/src/v4/core/$ZodDate.pilot.test.ts(51,20): error TS2339: Property 'value' does not exist on type 'MaybeAsync<ParsePayload<unknown>>'.
  Property 'value' does not exist on type 'Promise<ParsePayload<unknown>>'.
packages/zod/src/v4/core/$ZodDate.pilot.test.ts(52,19): error TS2339: Property 'issues' does not exist on type 'MaybeAsync<ParsePayload<unknown>>'.
  Property 'issues' does not exist on type 'Promise<ParsePayload<unknown>>'.
packages/zod/src/v4/core/$ZodDate.pilot.test.ts(60,47): error TS2345: Argument of type 'undefined' is not assignable to parameter of type 'ParseContextInternal<never>'.
packages/zod/src/v4/core/$ZodDate.pilot.test.ts(61,19): error TS2339: Property 'value' does not exist on type 'MaybeAsync<ParsePayload<unknown>>'.
  Property 'value' does not exist on type 'Promise<ParsePayload<unknown>>'.
packages/zod/src/v4/core/$ZodDate.pilot.test.ts(62,20): error TS2339: Property 'value' does not exist on type 'MaybeAsync<ParsePayload<unknown>>'.
  Property 'value' does not exist on type 'Promise<ParsePayload<unknown>>'.
packages/zod/src/v4/core/$ZodDate.pilot.test.ts(63,19): error TS2339: Property 'issues' does not exist on type 'MaybeAsync<ParsePayload<unknown>>'.
  Property 'issues' does not exist on type 'Promise<ParsePayload<unknown>>'.
packages/zod/src/v4/core/$ZodDate.pilot.test.ts(71,47): error TS2345: Argument of type 'undefined' is not assignable to parameter of type 'ParseContextInternal<never>'.
packages/zod/src/v4/core/$ZodDate.pilot.test.ts(73,19): error TS2339: Property 'value' does not exist on type 'MaybeAsync<ParsePayload<unknown>>'.
  Property 'value' does not exist on type 'Promise<ParsePayload<unknown>>'.
packages/zod/src/v4/core/$ZodDate.pilot.test.ts(75,19): error TS2339: Property 'issues' does not exist on type 'MaybeAsync<ParsePayload<unknown>>'.
  Property 'issues' does not exist on type 'Promise<ParsePayload<unknown>>'.
packages/zod/src/v4/core/$ZodDate.pilot.test.ts(76,26): error TS2339: Property 'issues' does not exist on type 'MaybeAsync<ParsePayload<unknown>>'.
  Property 'issues' does not exist on type 'Promise<ParsePayload<unknown>>'.
packages/zod/src/v4/core/$ZodDate.pilot.test.ts(100,49): error TS2345: Argument of type 'undefined' is not assignable to parameter of type 'ParseContextInternal<never>'.
packages/zod/src/v4/core/$ZodDate.pilot.test.ts(101,21): error TS2339: Property 'issues' does not exist on type 'MaybeAsync<ParsePayload<unknown>>'.
  Property 'issues' does not exist on type 'Promise<ParsePayload<unknown>>'.
packages/zod/src/v4/core/$ZodDate.pilot.test.ts(102,28): error TS2339: Property 'issues' does not exist on type 'MaybeAsync<ParsePayload<unknown>>'.
  Property 'issues' does not exist on type 'Promise<ParsePayload<unknown>>'.
packages/zod/src/v4/core/$ZodDate.pilot.test.ts(112,47): error TS2345: Argument of type 'undefined' is not assignable to parameter of type 'ParseContextInternal<never>'.
packages/zod/src/v4/core/$ZodDate.pilot.test.ts(113,19): error TS2339: Property 'issues' does not exist on type 'MaybeAsync<ParsePayload<unknown>>'.
  Property 'issues' does not exist on type 'Promise<ParsePayload<unknown>>'.
packages/zod/src/v4/core/$ZodDate.pilot.test.ts(114,26): error TS2339: Property 'issues' does not exist on type 'MaybeAsync<ParsePayload<unknown>>'.
  Property 'issues' does not exist on type 'Promise<ParsePayload<unknown>>'.
packages/zod/src/v4/core/$ZodDate.pilot.test.ts(124,47): error TS2345: Argument of type 'undefined' is not assignable to parameter of type 'ParseContextInternal<never>'.
packages/zod/src/v4/core/$ZodDate.pilot.test.ts(125,19): error TS2339: Property 'issues' does not exist on type 'MaybeAsync<ParsePayload<unknown>>'.
  Property 'issues' does not exist on type 'Promise<ParsePayload<unknown>>'.
packages/zod/src/v4/core/$ZodDate.pilot.test.ts(126,26): error TS2339: Property 'issues' does not exist on type 'MaybeAsync<ParsePayload<unknown>>'.
  Property 'issues' does not exist on type 'Promise<ParsePayload<unknown>>'.
packages/zod/src/v4/core/$ZodDate.pilot.test.ts(140,47): error TS2345: Argument of type 'undefined' is not assignable to parameter of type 'ParseContextInternal<never>'.
packages/zod/src/v4/core/$ZodDate.pilot.test.ts(141,19): error TS2339: Property 'issues' does not exist on type 'MaybeAsync<ParsePayload<unknown>>'.
  Property 'issues' does not exist on type 'Promise<ParsePayload<unknown>>'.
packages/zod/src/v4/core/$ZodDate.pilot.test.ts(143,19): error TS2339: Property 'issues' does not exist on type 'MaybeAsync<ParsePayload<unknown>>'.
  Property 'issues' does not exist on type 'Promise<ParsePayload<unknown>>'.
packages/zod/src/v4/core/$ZodDate.pilot.test.ts(145,19): error TS2339: Property 'issues' does not exist on type 'MaybeAsync<ParsePayload<unknown>>'.
  Property 'issues' does not exist on type 'Promise<ParsePayload<unknown>>'.
