packages/zod/src/v4/mini/ZodMiniDate.pilot.test.ts(80,27): error TS2339: Property 'safeParse' does not exist on type '$constructor<ZodMiniDate<unknown>, $ZodDateDef>'.
packages/zod/src/v4/mini/ZodMiniDate.pilot.test.ts(90,31): error TS2339: Property 'safeParse' does not exist on type '$constructor<ZodMiniDate<unknown>, $ZodDateDef>'.
packages/zod/src/v4/mini/ZodMiniDate.pilot.test.ts(93,32): error TS2339: Property 'safeParse' does not exist on type '$constructor<ZodMiniDate<unknown>, $ZodDateDef>'.
packages/zod/src/v4/mini/ZodMiniDate.pilot.test.ts(115,27): error TS2339: Property 'safeParse' does not exist on type '$constructor<ZodMiniDate<unknown>, $ZodDateDef>'.
packages/zod/src/v4/mini/ZodMiniDate.pilot.test.ts(122,27): error TS2339: Property 'safeParse' does not exist on type '$constructor<ZodMiniDate<unknown>, $ZodDateDef>'.
packages/zod/src/v4/mini/ZodMiniDate.pilot.test.ts(132,27): error TS2339: Property 'safeParse' does not exist on type '$constructor<ZodMiniDate<unknown>, $ZodDateDef>'.
packages/zod/src/v4/mini/ZodMiniDate.pilot.test.ts(147,21): error TS2339: Property 'min' does not exist on type '$constructor<ZodMiniDate<unknown>, $ZodDateDef>'.
packages/zod/src/v4/mini/ZodMiniDate.pilot.test.ts(150,25): error TS2339: Property 'min' does not exist on type '$constructor<ZodMiniDate<unknown>, $ZodDateDef>'.
packages/zod/src/v4/mini/ZodMiniDate.pilot.test.ts(168,21): error TS2339: Property 'max' does not exist on type '$constructor<ZodMiniDate<unknown>, $ZodDateDef>'.
packages/zod/src/v4/mini/ZodMiniDate.pilot.test.ts(171,25): error TS2339: Property 'max' does not exist on type '$constructor<ZodMiniDate<unknown>, $ZodDateDef>'.
packages/zod/src/v4/mini/ZodMiniDate.pilot.test.ts(190,21): error TS2339: Property 'optional' does not exist on type '$constructor<ZodMiniDate<unknown>, $ZodDateDef>'.
packages/zod/src/v4/mini/ZodMiniDate.pilot.test.ts(192,25): error TS2339: Property 'optional' does not exist on type '$constructor<ZodMiniDate<unknown>, $ZodDateDef>'.
packages/zod/src/v4/mini/ZodMiniDate.pilot.test.ts(200,21): error TS2339: Property 'nullable' does not exist on type '$constructor<ZodMiniDate<unknown>, $ZodDateDef>'.
packages/zod/src/v4/mini/ZodMiniDate.pilot.test.ts(202,25): error TS2339: Property 'nullable' does not exist on type '$constructor<ZodMiniDate<unknown>, $ZodDateDef>'.
packages/zod/src/v4/mini/ZodMiniDate.pilot.test.ts(211,21): error TS2339: Property 'default' does not exist on type '$constructor<ZodMiniDate<unknown>, $ZodDateDef>'.
packages/zod/src/v4/mini/ZodMiniDate.pilot.test.ts(214,25): error TS2339: Property 'default' does not exist on type '$constructor<ZodMiniDate<unknown>, $ZodDateDef>'.
packages/zod/src/v4/mini/ZodMiniDate.pilot.test.ts(223,21): error TS2339: Property 'refine' does not exist on type '$constructor<ZodMiniDate<unknown>, $ZodDateDef>'.
packages/zod/src/v4/mini/ZodMiniDate.pilot.test.ts(227,25): error TS2339: Property 'refine' does not exist on type '$constructor<ZodMiniDate<unknown>, $ZodDateDef>'.
packages/zod/src/v4/mini/ZodMiniDate.pilot.test.ts(254,19): error TS2339: Property 'min' does not exist on type '$constructor<ZodMiniDate<unknown>, $ZodDateDef>'.
packages/zod/src/v4/mini/ZodMiniDate.pilot.test.ts(255,19): error TS2339: Property 'max' does not exist on type '$constructor<ZodMiniDate<unknown>, $ZodDateDef>'.
packages/zod/src/v4/mini/ZodMiniDate.pilot.test.ts(256,19): error TS2339: Property 'optional' does not exist on type '$constructor<ZodMiniDate<unknown>, $ZodDateDef>'.
packages/zod/src/v4/mini/ZodMiniDate.pilot.test.ts(257,19): error TS2339: Property 'default' does not exist on type '$constructor<ZodMiniDate<unknown>, $ZodDateDef>'.
packages/zod/src/v4/mini/ZodMiniDate.pilot.test.ts(266,8): error TS2339: Property 'min' does not exist on type '$constructor<ZodMiniDate<unknown>, $ZodDateDef>'.
