packages/zod/src/v4/mini/ZodMiniPromise.pilot.test.ts(66,27): error TS2348: Value of type '$constructor<ZodMiniString<unknown>, $ZodStringDef>' is not callable. Did you mean to include 'new'?
packages/zod/src/v4/mini/ZodMiniPromise.pilot.test.ts(76,20): error TS2348: Value of type '$constructor<ZodMiniPromise<$ZodType<unknown, unknown, $ZodTypeInternals<unknown, unknown>>>, $ZodPromiseDef<$ZodType<unknown, unknown, $ZodTypeInternals<unknown, unknown>>>>' is not callable. Did you mean to include 'new'?
packages/zod/src/v4/mini/ZodMiniPromise.pilot.test.ts(101,20): error TS2348: Value of type '$constructor<ZodMiniPromise<$ZodType<unknown, unknown, $ZodTypeInternals<unknown, unknown>>>, $ZodPromiseDef<$ZodType<unknown, unknown, $ZodTypeInternals<unknown, unknown>>>>' is not callable. Did you mean to include 'new'?
packages/zod/src/v4/mini/ZodMiniPromise.pilot.test.ts(109,20): error TS2348: Value of type '$constructor<ZodMiniPromise<$ZodType<unknown, unknown, $ZodTypeInternals<unknown, unknown>>>, $ZodPromiseDef<$ZodType<unknown, unknown, $ZodTypeInternals<unknown, unknown>>>>' is not callable. Did you mean to include 'new'?
packages/zod/src/v4/mini/ZodMiniPromise.pilot.test.ts(123,20): error TS2348: Value of type '$constructor<ZodMiniPromise<$ZodType<unknown, unknown, $ZodTypeInternals<unknown, unknown>>>, $ZodPromiseDef<$ZodType<unknown, unknown, $ZodTypeInternals<unknown, unknown>>>>' is not callable. Did you mean to include 'new'?
packages/zod/src/v4/mini/ZodMiniPromise.pilot.test.ts(129,20): error TS2348: Value of type '$constructor<ZodMiniPromise<$ZodType<unknown, unknown, $ZodTypeInternals<unknown, unknown>>>, $ZodPromiseDef<$ZodType<unknown, unknown, $ZodTypeInternals<unknown, unknown>>>>' is not callable. Did you mean to include 'new'?
packages/zod/src/v4/mini/ZodMiniPromise.pilot.test.ts(135,20): error TS2348: Value of type '$constructor<ZodMiniPromise<$ZodType<unknown, unknown, $ZodTypeInternals<unknown, unknown>>>, $ZodPromiseDef<$ZodType<unknown, unknown, $ZodTypeInternals<unknown, unknown>>>>' is not callable. Did you mean to include 'new'?
packages/zod/src/v4/mini/ZodMiniPromise.pilot.test.ts(149,20): error TS2348: Value of type '$constructor<ZodMiniPromise<$ZodType<unknown, unknown, $ZodTypeInternals<unknown, unknown>>>, $ZodPromiseDef<$ZodType<unknown, unknown, $ZodTypeInternals<unknown, unknown>>>>' is not callable. Did you mean to include 'new'?
packages/zod/src/v4/mini/ZodMiniPromise.pilot.test.ts(161,20): error TS2348: Value of type '$constructor<ZodMiniPromise<$ZodType<unknown, unknown, $ZodTypeInternals<unknown, unknown>>>, $ZodPromiseDef<$ZodType<unknown, unknown, $ZodTypeInternals<unknown, unknown>>>>' is not callable. Did you mean to include 'new'?
packages/zod/src/v4/mini/ZodMiniPromise.pilot.test.ts(172,20): error TS2348: Value of type '$constructor<ZodMiniPromise<$ZodType<unknown, unknown, $ZodTypeInternals<unknown, unknown>>>, $ZodPromiseDef<$ZodType<unknown, unknown, $ZodTypeInternals<unknown, unknown>>>>' is not callable. Did you mean to include 'new'?
packages/zod/src/v4/mini/ZodMiniPromise.pilot.test.ts(173,14): error TS7006: Parameter 'val' implicitly has an 'any' type.
packages/zod/src/v4/mini/ZodMiniPromise.pilot.test.ts(187,20): error TS2348: Value of type '$constructor<ZodMiniPromise<$ZodType<unknown, unknown, $ZodTypeInternals<unknown, unknown>>>, $ZodPromiseDef<$ZodType<unknown, unknown, $ZodTypeInternals<unknown, unknown>>>>' is not callable. Did you mean to include 'new'?
packages/zod/src/v4/mini/ZodMiniPromise.pilot.test.ts(187,65): error TS7006: Parameter 'p' implicitly has an 'any' type.
packages/zod/src/v4/mini/ZodMiniPromise.pilot.test.ts(188,15): error TS7006: Parameter 's' implicitly has an 'any' type.
packages/zod/src/v4/mini/ZodMiniPromise.pilot.test.ts(201,20): error TS2348: Value of type '$constructor<ZodMiniPromise<$ZodType<unknown, unknown, $ZodTypeInternals<unknown, unknown>>>, $ZodPromiseDef<$ZodType<unknown, unknown, $ZodTypeInternals<unknown, unknown>>>>' is not callable. Did you mean to include 'new'?
packages/zod/src/v4/mini/ZodMiniPromise.pilot.test.ts(213,25): error TS2348: Value of type '$constructor<ZodMiniPromise<$ZodType<unknown, unknown, $ZodTypeInternals<unknown, unknown>>>, $ZodPromiseDef<$ZodType<unknown, unknown, $ZodTypeInternals<unknown, unknown>>>>' is not callable. Did you mean to include 'new'?
packages/zod/src/v4/mini/ZodMiniPromise.pilot.test.ts(229,20): error TS2348: Value of type '$constructor<ZodMiniPromise<$ZodType<unknown, unknown, $ZodTypeInternals<unknown, unknown>>>, $ZodPromiseDef<$ZodType<unknown, unknown, $ZodTypeInternals<unknown, unknown>>>>' is not callable. Did you mean to include 'new'?
packages/zod/src/v4/mini/ZodMiniPromise.pilot.test.ts(237,20): error TS2348: Value of type '$constructor<ZodMiniPromise<$ZodType<unknown, unknown, $ZodTypeInternals<unknown, unknown>>>, $ZodPromiseDef<$ZodType<unknown, unknown, $ZodTypeInternals<unknown, unknown>>>>' is not callable. Did you mean to include 'new'?
packages/zod/src/v4/mini/ZodMiniPromise.pilot.test.ts(246,20): error TS2348: Value of type '$constructor<ZodMiniPromise<$ZodType<unknown, unknown, $ZodTypeInternals<unknown, unknown>>>, $ZodPromiseDef<$ZodType<unknown, unknown, $ZodTypeInternals<unknown, unknown>>>>' is not callable. Did you mean to include 'new'?
packages/zod/src/v4/mini/ZodMiniPromise.pilot.test.ts(252,20): error TS2348: Value of type '$constructor<ZodMiniPromise<$ZodType<unknown, unknown, $ZodTypeInternals<unknown, unknown>>>, $ZodPromiseDef<$ZodType<unknown, unknown, $ZodTypeInternals<unknown, unknown>>>>' is not callable. Did you mean to include 'new'?
packages/zod/src/v4/mini/ZodMiniPromise.pilot.test.ts(261,20): error TS2348: Value of type '$constructor<ZodMiniPromise<$ZodType<unknown, unknown, $ZodTypeInternals<unknown, unknown>>>, $ZodPromiseDef<$ZodType<unknown, unknown, $ZodTypeInternals<unknown, unknown>>>>' is not callable. Did you mean to include 'new'?
packages/zod/src/v4/mini/ZodMiniPromise.pilot.test.ts(262,5): error TS2578: Unused '@ts-expect-error' directive.
packages/zod/src/v4/mini/ZodMiniPromise.pilot.test.ts(270,20): error TS2348: Value of type '$constructor<ZodMiniPromise<$ZodType<unknown, unknown, $ZodTypeInternals<unknown, unknown>>>, $ZodPromiseDef<$ZodType<unknown, unknown, $ZodTypeInternals<unknown, unknown>>>>' is not callable. Did you mean to include 'new'?
packages/zod/src/v4/mini/ZodMiniPromise.pilot.test.ts(281,20): error TS2348: Value of type '$constructor<ZodMiniPromise<$ZodType<unknown, unknown, $ZodTypeInternals<unknown, unknown>>>, $ZodPromiseDef<$ZodType<unknown, unknown, $ZodTypeInternals<unknown, unknown>>>>' is not callable. Did you mean to include 'new'?
packages/zod/src/v4/mini/ZodMiniPromise.pilot.test.ts(292,20): error TS2348: Value of type '$constructor<ZodMiniPromise<$ZodType<unknown, unknown, $ZodTypeInternals<unknown, unknown>>>, $ZodPromiseDef<$ZodType<unknown, unknown, $ZodTypeInternals<unknown, unknown>>>>' is not callable. Did you mean to include 'new'?
packages/zod/src/v4/mini/ZodMiniPromise.pilot.test.ts(293,5): error TS2578: Unused '@ts-expect-error' directive.
packages/zod/src/v4/mini/ZodMiniPromise.pilot.test.ts(301,25): error TS2348: Value of type '$constructor<ZodMiniPromise<$ZodType<unknown, unknown, $ZodTypeInternals<unknown, unknown>>>, $ZodPromiseDef<$ZodType<unknown, unknown, $ZodTypeInternals<unknown, unknown>>>>' is not callable. Did you mean to include 'new'?
