packages/zod/src/v4/core/$ZodType.pilot.test.ts(39,25): error TS6133: 'name' is declared but its value is never read.
packages/zod/src/v4/core/$ZodType.pilot.test.ts(129,26): error TS2834: Relative import paths need explicit file extensions in ECMAScript imports when '--moduleResolution' is 'node16' or 'nodenext'. Consider adding an extension to the import path.
packages/zod/src/v4/core/$ZodType.pilot.test.ts(130,22): error TS2835: Relative import paths need explicit file extensions in ECMAScript imports when '--moduleResolution' is 'node16' or 'nodenext'. Did you mean './core.js'?
packages/zod/src/v4/core/$ZodType.pilot.test.ts(131,22): error TS2835: Relative import paths need explicit file extensions in ECMAScript imports when '--moduleResolution' is 'node16' or 'nodenext'. Did you mean './util.js'?
packages/zod/src/v4/core/$ZodType.pilot.test.ts(132,24): error TS2835: Relative import paths need explicit file extensions in ECMAScript imports when '--moduleResolution' is 'node16' or 'nodenext'. Did you mean './checks.js'?
packages/zod/src/v4/core/$ZodType.pilot.test.ts(133,43): error TS2834: Relative import paths need explicit file extensions in ECMAScript imports when '--moduleResolution' is 'node16' or 'nodenext'. Consider adding an extension to the import path.
packages/zod/src/v4/core/$ZodType.pilot.test.ts(264,36): error TS2339: Property 'deferred' does not exist on type '{ def: any; bag: undefined; version: undefined; traits: Set<string>; parse: (payload: any) => any; onattach: any[]; }'.
packages/zod/src/v4/core/$ZodType.pilot.test.ts(265,22): error TS2339: Property 'deferred' does not exist on type '{ def: any; bag: undefined; version: undefined; traits: Set<string>; parse: (payload: any) => any; onattach: any[]; }'.
packages/zod/src/v4/core/$ZodType.pilot.test.ts(267,34): error TS2339: Property 'deferred' does not exist on type '{ def: any; bag: undefined; version: undefined; traits: Set<string>; parse: (payload: any) => any; onattach: any[]; }'.
packages/zod/src/v4/core/$ZodType.pilot.test.ts(271,24): error TS6133: 'p' is declared but its value is never read.
packages/zod/src/v4/core/$ZodType.pilot.test.ts(273,22): error TS2339: Property 'run' does not exist on type '{ def: any; bag: undefined; version: undefined; traits: Set<string>; parse: (payload: any) => any; onattach: any[]; }'.
packages/zod/src/v4/core/$ZodType.pilot.test.ts(287,30): error TS2339: Property 'run' does not exist on type '{ def: any; bag: undefined; version: undefined; traits: Set<string>; parse: (payload: any) => any; onattach: any[]; }'.
packages/zod/src/v4/core/$ZodType.pilot.test.ts(306,28): error TS2339: Property 'run' does not exist on type '{ def: any; bag: undefined; version: undefined; traits: Set<string>; parse: (payload: any) => any; onattach: any[]; }'.
packages/zod/src/v4/core/$ZodType.pilot.test.ts(311,36): error TS2339: Property 'run' does not exist on type '{ def: any; bag: undefined; version: undefined; traits: Set<string>; parse: (payload: any) => any; onattach: any[]; }'.
packages/zod/src/v4/core/$ZodType.pilot.test.ts(331,31): error TS2339: Property 'run' does not exist on type '{ def: any; bag: undefined; version: undefined; traits: Set<string>; parse: (payload: any) => any; onattach: any[]; }'.
packages/zod/src/v4/core/$ZodType.pilot.test.ts(336,31): error TS2339: Property 'run' does not exist on type '{ def: any; bag: undefined; version: undefined; traits: Set<string>; parse: (payload: any) => any; onattach: any[]; }'.
packages/zod/src/v4/core/$ZodType.pilot.test.ts(348,15): error TS2339: Property 'deferred' does not exist on type '{ def: any; bag: undefined; version: undefined; traits: Set<string>; parse: (payload: any) => any; onattach: any[]; }'.
packages/zod/src/v4/core/$ZodType.pilot.test.ts(351,20): error TS7053: Element implicitly has an 'any' type because expression of type '"~standard"' can't be used to index type '{ _zod: { def: any; bag: undefined; version: undefined; traits: Set<string>; parse: (payload: any) => any; onattach: any[]; }; }'.
  Property '~standard' does not exist on type '{ _zod: { def: any; bag: undefined; version: undefined; traits: Set<string>; parse: (payload: any) => any; onattach: any[]; }; }'.
packages/zod/src/v4/core/$ZodType.pilot.test.ts(365,20): error TS7053: Element implicitly has an 'any' type because expression of type '"~standard"' can't be used to index type '{ _zod: { def: any; bag: undefined; version: undefined; traits: Set<string>; parse: (payload: any) => any; onattach: any[]; }; }'.
  Property '~standard' does not exist on type '{ _zod: { def: any; bag: undefined; version: undefined; traits: Set<string>; parse: (payload: any) => any; onattach: any[]; }; }'.
packages/zod/src/v4/core/$ZodType.pilot.test.ts(384,27): error TS7053: Element implicitly has an 'any' type because expression of type '"~standard"' can't be used to index type '{ _zod: { def: any; bag: undefined; version: undefined; traits: Set<string>; parse: (payload: any) => any; onattach: any[]; }; }'.
  Property '~standard' does not exist on type '{ _zod: { def: any; bag: undefined; version: undefined; traits: Set<string>; parse: (payload: any) => any; onattach: any[]; }; }'.
