$ pnpm stryker run <worktree>/s03-3a8edd74/.openclaw-signal/s03-3a8edd74/stryker.signal.config.mjs
status=0
## stdout
[32m16:09:46 (20934) INFO ProjectReader[39m Found 1 of 462 file(s) to be mutated.
[32m16:09:46 (20934) INFO ProjectReader[39m Found 2 test file(s) matching --testFiles patterns.
[32m16:09:46 (20934) INFO Instrumenter[39m Instrumented 1 source file(s) with 8 mutant(s)
[32m16:09:46 (20934) INFO ConcurrencyTokenProvider[39m Creating 2 test runner process(es).
[32m16:09:47 (20934) INFO DryRunExecutor[39m Starting initial test run (vitest test runner with "perTest" coverage analysis). This may take a while.
[32m16:09:47 (20934) INFO DryRunExecutor[39m Initial test run succeeded. Ran 56 tests in 0 seconds (net 40.43850199999997 ms, overhead 485.56149800000003 ms).

All tests
  v3/tests/refine.test.ts
    ✘ refinement (covered 0)
    ✘ refinement 2 (covered 0)
    ✘ refinement type guard (covered 0)
    ✘ refinement Promise (covered 0)
    ✘ custom path (covered 0)
    ✘ use path in refinement context (covered 0)
    ✘ superRefine (covered 0)
    ✘ superRefine async (covered 0)
    ✘ superRefine - type narrowing (covered 0)
    ✘ chained mixed refining types (covered 0)
    ✘ get inner type (covered 0)
    ✘ chained refinements (covered 0)
    ✘ fatal superRefine (covered 0)
    ✘ superRefine after skipped transform (covered 0)
  v4/classic/tests/to-json-schema.test.ts
    ✘ toJSONSchema primitive types (covered 0)
    ✓ toJSONSchema unsupported schema types (killed 2)
    ✘ toJSONSchema string formats (covered 0)
    ✘ toJSONSchema string patterns (covered 0)
    ✘ toJSONSchema number constraints (covered 0)
    ✘ toJSONSchema arrays (covered 0)
    ✘ toJSONSchema unions (covered 0)
    ✘ toJSONSchema intersections (covered 0)
    ✘ toJSONSchema record (covered 0)
    ✘ toJSONSchema tuple (covered 0)
    ✘ toJSONSchema promise (covered 0)
    ✘ toJSONSchema lazy (covered 0)
    ✘ toJSONSchema enum (covered 0)
    ✘ toJSONSchema literal (covered 0)
    ~ toJSONSchema pipe (covered 4)
    ✘ toJSONSchema simple objects (covered 0)
    ✘ toJSONSchema additionalproperties in z.object (covered 0)
    ✘ toJSONSchema catchall objects (covered 0)
    ✘ toJSONSchema optional fields - object (covered 0)
    ✘ toJSONSchema recursive object (covered 0)
    ✘ toJSONSchema simple interface (covered 0)
    ✘ toJSONSchema catchall interface (covered 0)
    ✘ toJSONSchema recursive interface schemas (covered 0)
    ✘ toJSONSchema mutually recursive interface schemas (covered 0)
    ✘ override (covered 0)
    ✓ override: do not run on references (killed 4)
    ✘ override with refs (covered 0)
    ✘ override execution order (covered 0)
    ~ pipe (covered 8)
    ~ passthrough schemas (covered 4)
    ✘ extract schemas with id (covered 0)
    ✘ unrepresentable literal values are ignored (covered 0)
    ✘ describe with id (covered 0)
    ✘ overwrite id (covered 0)
    ✘ overwrite descriptions (covered 0)
    ✘ top-level readonly (covered 0)
    ✘ basic registry (covered 0)
    ✘ _ref (covered 0)
    ~ defaults/prefaults (covered 8)
    ✘ input type (covered 0)
    ~ examples on pipe (covered 8)
    ✓ use output type for preprocess (killed 2)

Ran 3.00 tests per mutant on average.
-------------------|------------------|----------|-----------|------------|----------|----------|
                   | % Mutation score |          |           |            |          |          |
File               |  total | covered | # killed | # timeout | # survived | # no cov | # errors |
-------------------|--------|---------|----------|-----------|------------|----------|----------|
All files          | 100.00 |  100.00 |        8 |         0 |          0 |        0 |        0 |
 to-json-schema.ts | 100.00 |  100.00 |        8 |         0 |          0 |        0 |        0 |
-------------------|--------|---------|----------|-----------|------------|----------|----------|
[32m16:09:48 (20934) INFO MutationTestReportHelper[39m Final mutation score of 100.00 is greater than or equal to break threshold 0
[32m16:09:48 (20934) INFO JsonReporter[39m Your report can be found at: file://<repo>/experiments/zod-repair-classification-v2/cases/s03-3a8edd74/signal/to-json-schema/stryker/mutation.json
[32m16:09:48 (20934) INFO MutationTestExecutor[39m Done in 2 seconds.

## stderr