086-$ZodCheckUpperCase   TOT   tsc_ok=False errors_in_file=10 elsewhere=0 cats={'module_or_export_not_found': 2, 'other': 8} (1s)
086-$ZodCheckUpperCase   GTOT  tsc_ok=False errors_in_file=19 elsewhere=0 cats={'module_or_export_not_found': 1, 'property_does_not_exist': 18} (1s)
098-$ZodType             COT   tsc_ok=False errors_in_file=1 elsewhere=0 cats={'constructor_called_without_new': 1} (1s)
098-$ZodType             TOT   tsc_ok=False errors_in_file=3 elsewhere=0 cats={'module_or_export_not_found': 3} (1s)
098-$ZodType             GTOT  tsc_ok=False errors_in_file=2 elsewhere=0 cats={'constructor_called_without_new': 1, 'other': 1} (1s)
053-ZodEnum              COT   tsc_ok=False errors_in_file=2 elsewhere=0 cats={'other': 2} (1s)
053-ZodEnum              TOT   tsc_ok=False errors_in_file=13 elsewhere=0 cats={'type_mismatch': 11, 'other': 2} (1s)
053-ZodEnum              GTOT  tsc_ok=False errors_in_file=3 elsewhere=0 cats={'type_mismatch': 1, 'other': 2} (1s)
038-ZodNull              TOT   tsc_ok=False errors_in_file=1 elsewhere=0 cats={'constructor_called_without_new': 1} (1s)
038-ZodNull              GTOT  tsc_ok=False errors_in_file=2 elsewhere=0 cats={'constructor_called_without_new': 2} (1s)
231-ZodMiniLazy          COT   tsc_ok=False errors_in_file=22 elsewhere=0 cats={'constructor_called_without_new': 3, 'type_mismatch': 8, 'property_does_not_exist': 9, 'other': 2} (2s)
231-ZodMiniLazy          TOT   tsc_ok=False errors_in_file=8 elsewhere=0 cats={'constructor_called_without_new': 6, 'other': 2} (1s)
117-$ZodIPv6             COT   tsc_ok=False errors_in_file=5 elsewhere=0 cats={'constructor_called_without_new': 5} (1s)
117-$ZodIPv6             TOT   tsc_ok=False errors_in_file=3 elsewhere=0 cats={'other': 1, 'type_mismatch': 2} (1s)
117-$ZodIPv6             GTOT  tsc_ok=False errors_in_file=10 elsewhere=0 cats={'constructor_called_without_new': 9, 'other': 1} (1s)
088-$ZodCheckStartsWith  COT   tsc_ok=True errors_in_file=0 elsewhere=0 cats={} (1s)
088-$ZodCheckStartsWith  TOT   tsc_ok=False errors_in_file=10 elsewhere=0 cats={'type_mismatch': 10} (1s)
088-$ZodCheckStartsWith  GTOT  tsc_ok=False errors_in_file=3 elsewhere=0 cats={'other': 2, 'name_not_found': 1} (1s)
140-$ZodUnion            COT   tsc_ok=False errors_in_file=13 elsewhere=0 cats={'constructor_called_without_new': 13} (1s)
140-$ZodUnion            TOT   tsc_ok=False errors_in_file=17 elsewhere=0 cats={'other': 1, 'constructor_called_without_new': 12, 'type_mismatch': 2, 'property_does_not_exist': 2} (1s)
140-$ZodUnion            GTOT  tsc_ok=False errors_in_file=2 elsewhere=0 cats={'other': 1, 'constructor_called_without_new': 1} (1s)
087-$ZodCheckIncludes    COT   tsc_ok=False errors_in_file=17 elsewhere=0 cats={'type_mismatch': 13, 'property_does_not_exist': 2, 'other': 2} (1s)
087-$ZodCheckIncludes    TOT   tsc_ok=True errors_in_file=0 elsewhere=0 cats={} (1s)
087-$ZodCheckIncludes    GTOT  tsc_ok=False errors_in_file=2 elsewhere=0 cats={'other': 1, 'constructor_called_without_new': 1} (1s)
130-$ZodSymbol           COT   tsc_ok=False errors_in_file=3 elsewhere=0 cats={'constructor_called_without_new': 3} (1s)
130-$ZodSymbol           TOT   tsc_ok=False errors_in_file=4 elsewhere=0 cats={'property_does_not_exist': 4} (1s)
130-$ZodSymbol           GTOT  tsc_ok=False errors_in_file=5 elsewhere=0 cats={'constructor_called_without_new': 3, 'property_does_not_exist': 2} (1s)
147-$ZodEnum             COT   tsc_ok=False errors_in_file=27 elsewhere=0 cats={'constructor_called_without_new': 18, 'other': 9} (1s)
147-$ZodEnum             TOT   tsc_ok=False errors_in_file=4 elsewhere=0 cats={'constructor_called_without_new': 4} (1s)
147-$ZodEnum             GTOT  tsc_ok=False errors_in_file=9 elsewhere=0 cats={'other': 1, 'constructor_called_without_new': 8} (1s)
159-$ZodPipe             COT   tsc_ok=False errors_in_file=18 elsewhere=0 cats={'module_or_export_not_found': 1, 'name_not_found': 1, 'other': 9, 'type_mismatch': 7} (1s)
159-$ZodPipe             TOT   tsc_ok=False errors_in_file=9 elsewhere=0 cats={'module_or_export_not_found': 1, 'constructor_called_without_new': 2, 'other': 6} (1s)
159-$ZodPipe             GTOT  tsc_ok=False errors_in_file=10 elsewhere=0 cats={'property_does_not_exist': 1, 'constructor_called_without_new': 9} (1s)
153-$ZodDefault          COT   tsc_ok=False errors_in_file=21 elsewhere=0 cats={'other': 2, 'type_mismatch': 15, 'property_does_not_exist': 4} (1s)
153-$ZodDefault          TOT   tsc_ok=False errors_in_file=1 elsewhere=0 cats={'other': 1} (1s)
153-$ZodDefault          GTOT  tsc_ok=False errors_in_file=13 elsewhere=0 cats={'type_mismatch': 8, 'property_does_not_exist': 5} (1s)
105-$ZodEmoji            COT   tsc_ok=False errors_in_file=4 elsewhere=0 cats={'constructor_called_without_new': 1, 'other': 3} (1s)
105-$ZodEmoji            TOT   tsc_ok=False errors_in_file=1 elsewhere=0 cats={'constructor_called_without_new': 1} (1s)
105-$ZodEmoji            GTOT  tsc_ok=False errors_in_file=12 elsewhere=0 cats={'property_does_not_exist': 12} (1s)
137-$ZodDate             COT   tsc_ok=False errors_in_file=32 elsewhere=0 cats={'other': 1, 'type_mismatch': 9, 'property_does_not_exist': 22} (1s)
137-$ZodDate             TOT   tsc_ok=True errors_in_file=0 elsewhere=0 cats={} (1s)
137-$ZodDate             GTOT  tsc_ok=False errors_in_file=36 elsewhere=0 cats={'property_does_not_exist': 35, 'type_mismatch': 1} (1s)
055-ZodFile              COT   tsc_ok=True errors_in_file=0 elsewhere=0 cats={} (1s)
055-ZodFile              TOT   tsc_ok=False errors_in_file=20 elsewhere=0 cats={'other': 2, 'property_does_not_exist': 1, 'constructor_called_without_new': 17} (1s)
055-ZodFile              GTOT  tsc_ok=False errors_in_file=18 elsewhere=0 cats={'constructor_called_without_new': 12, 'other': 6} (1s)
013-ZodUUID              COT   tsc_ok=False errors_in_file=14 elsewhere=0 cats={'property_does_not_exist': 13, 'other': 1} (1s)
013-ZodUUID              TOT   tsc_ok=False errors_in_file=14 elsewhere=0 cats={'property_does_not_exist': 10, 'other': 4} (1s)
013-ZodUUID              GTOT  tsc_ok=False errors_in_file=18 elsewhere=0 cats={'property_does_not_exist': 16, 'other': 2} (1s)
036-ZodSymbol            COT   tsc_ok=False errors_in_file=19 elsewhere=0 cats={'constructor_called_without_new': 15, 'other': 3, 'property_does_not_exist': 1} (1s)
036-ZodSymbol            TOT   tsc_ok=False errors_in_file=9 elsewhere=0 cats={'constructor_called_without_new': 8, 'other': 1} (1s)
036-ZodSymbol            GTOT  tsc_ok=False errors_in_file=10 elsewhere=0 cats={'constructor_called_without_new': 9, 'other': 1} (1s)
062-ZodSuccess           COT   tsc_ok=False errors_in_file=1 elsewhere=0 cats={'other': 1} (1s)
062-ZodSuccess           TOT   tsc_ok=False errors_in_file=8 elsewhere=0 cats={'other': 1, 'module_or_export_not_found': 2, 'type_mismatch': 5} (1s)
062-ZodSuccess           GTOT  tsc_ok=False errors_in_file=2 elsewhere=0 cats={'other': 2} (1s)
003-ZodISODateTime       COT   tsc_ok=False errors_in_file=19 elsewhere=0 cats={'property_does_not_exist': 15, 'other': 4} (1s)
003-ZodISODateTime       TOT   tsc_ok=False errors_in_file=8 elsewhere=0 cats={'constructor_called_without_new': 7, 'other': 1} (2s)
003-ZodISODateTime       GTOT  tsc_ok=False errors_in_file=25 elsewhere=0 cats={'property_does_not_exist': 23, 'other': 2} (1s)
021-ZodKSUID             COT   tsc_ok=False errors_in_file=39 elsewhere=0 cats={'property_does_not_exist': 23, 'other': 16} (1s)
021-ZodKSUID             TOT   tsc_ok=False errors_in_file=6 elsewhere=0 cats={'property_does_not_exist': 6} (1s)
021-ZodKSUID             GTOT  tsc_ok=False errors_in_file=16 elsewhere=0 cats={'property_does_not_exist': 16} (1s)
058-ZodNullable          COT   tsc_ok=True errors_in_file=0 elsewhere=0 cats={} (1s)
058-ZodNullable          TOT   tsc_ok=False errors_in_file=10 elsewhere=0 cats={'type_mismatch': 7, 'other': 1, 'property_does_not_exist': 2} (1s)
058-ZodNullable          GTOT  tsc_ok=False errors_in_file=5 elsewhere=0 cats={'constructor_called_without_new': 5} (1s)
168-ZodMiniISODate       COT   tsc_ok=False errors_in_file=8 elsewhere=0 cats={'property_does_not_exist': 8} (1s)
168-ZodMiniISODate       TOT   tsc_ok=False errors_in_file=16 elsewhere=0 cats={'property_does_not_exist': 14, 'other': 2} (1s)
168-ZodMiniISODate       GTOT  tsc_ok=False errors_in_file=1 elsewhere=0 cats={'module_or_export_not_found': 1} (1s)
210-ZodMiniDiscriminatedUnion COT   tsc_ok=False errors_in_file=7 elsewhere=0 cats={'other': 1, 'module_or_export_not_found': 2, 'type_mismatch': 4} (1s)
210-ZodMiniDiscriminatedUnion GTOT  tsc_ok=False errors_in_file=1 elsewhere=0 cats={'other': 1} (1s)
197-ZodMiniBigInt        COT   tsc_ok=False errors_in_file=24 elsewhere=0 cats={'constructor_called_without_new': 24} (1s)
197-ZodMiniBigInt        TOT   tsc_ok=False errors_in_file=4 elsewhere=0 cats={'constructor_called_without_new': 3, 'other': 1} (1s)
197-ZodMiniBigInt        GTOT  tsc_ok=False errors_in_file=1 elsewhere=0 cats={'other': 1} (1s)
206-ZodMiniDate          COT   tsc_ok=False errors_in_file=23 elsewhere=0 cats={'property_does_not_exist': 23} (1s)
206-ZodMiniDate          TOT   tsc_ok=False errors_in_file=1 elsewhere=0 cats={'constructor_called_without_new': 1} (1s)
206-ZodMiniDate          GTOT  tsc_ok=False errors_in_file=28 elsewhere=0 cats={'constructor_called_without_new': 25, 'other': 3} (1s)
205-ZodMiniVoid          COT   tsc_ok=False errors_in_file=9 elsewhere=0 cats={'other': 4, 'property_does_not_exist': 3, 'type_mismatch': 2} (1s)
205-ZodMiniVoid          TOT   tsc_ok=False errors_in_file=7 elsewhere=0 cats={'type_mismatch': 6, 'other': 1} (1s)
205-ZodMiniVoid          GTOT  tsc_ok=True errors_in_file=0 elsewhere=0 cats={} (1s)
232-ZodMiniPromise       COT   tsc_ok=False errors_in_file=27 elsewhere=0 cats={'constructor_called_without_new': 22, 'other': 5} (1s)
232-ZodMiniPromise       TOT   tsc_ok=False errors_in_file=16 elsewhere=0 cats={'module_or_export_not_found': 1, 'constructor_called_without_new': 15} (1s)
232-ZodMiniPromise       GTOT  tsc_ok=False errors_in_file=7 elsewhere=0 cats={'property_does_not_exist': 7} (1s)
211-ZodMiniIntersection  COT   tsc_ok=False errors_in_file=1 elsewhere=0 cats={'other': 1} (1s)
211-ZodMiniIntersection  TOT   tsc_ok=False errors_in_file=12 elsewhere=0 cats={'other': 4, 'module_or_export_not_found': 3, 'property_does_not_exist': 5} (1s)
211-ZodMiniIntersection  GTOT  tsc_ok=False errors_in_file=10 elsewhere=0 cats={'other': 5, 'constructor_called_without_new': 5} (1s)
181-ZodMiniCUID2         TOT   tsc_ok=False errors_in_file=10 elsewhere=0 cats={'property_does_not_exist': 10} (1s)
181-ZodMiniCUID2         GTOT  tsc_ok=False errors_in_file=16 elsewhere=0 cats={'constructor_called_without_new': 10, 'other': 6} (1s)
Phase 5 typecheck: git tree clean of pilot files and tracked changes
038-ZodNull              COT   tsc_ok=False errors_in_file=16 elsewhere=0 cats={'property_does_not_exist': 16} (1s)
Phase 5 typecheck: git tree clean of pilot files and tracked changes
231-ZodMiniLazy          GTOT  tsc_ok=False errors_in_file=13 elsewhere=0 cats={'property_does_not_exist': 13} (1s)
Phase 5 typecheck: git tree clean of pilot files and tracked changes
