unit                     tech  delim  detected  method     structured    loc deco   failed_checks
086-$ZodCheckUpperCase   COT   True   True      delimiter  False         186 ****   no_fence_lines,structured
086-$ZodCheckUpperCase   TOT   True   True      delimiter  True          155 -      
086-$ZodCheckUpperCase   GTOT  True   True      delimiter  True          229 -      
098-$ZodType             COT   True   True      delimiter  True          211 -      
098-$ZodType             TOT   True   True      delimiter  True          318 -      
098-$ZodType             GTOT  True   True      delimiter  True          256 -      
053-ZodEnum              COT   True   True      delimiter  True          203 ****   
053-ZodEnum              TOT   True   True      delimiter  True          171 -      
053-ZodEnum              GTOT  True   True      delimiter  True          170 -      
038-ZodNull              COT   True   True      delimiter  True          181 -      
038-ZodNull              TOT   True   True      delimiter  True          105 -      
038-ZodNull              GTOT  True   True      delimiter  True          157 -      
231-ZodMiniLazy          COT   True   True      delimiter  True          195 -      
231-ZodMiniLazy          TOT   True   True      delimiter  True          140 -      
231-ZodMiniLazy          GTOT  True   True      delimiter  True          195 -      
117-$ZodIPv6             COT   True   True      delimiter  True          221 ****   
117-$ZodIPv6             TOT   True   True      delimiter  True          131 -      
117-$ZodIPv6             GTOT  True   True      delimiter  True           89 -      
088-$ZodCheckStartsWith  COT   True   True      delimiter  True          186 ****   
088-$ZodCheckStartsWith  TOT   True   True      delimiter  True          147 -      
088-$ZodCheckStartsWith  GTOT  True   True      delimiter  True          152 -      
140-$ZodUnion            COT   True   True      delimiter  True          182 -      
140-$ZodUnion            TOT   True   True      delimiter  True          248 ****   
140-$ZodUnion            GTOT  True   True      delimiter  True          285 -      
087-$ZodCheckIncludes    COT   True   True      delimiter  True          223 -      
087-$ZodCheckIncludes    TOT   True   True      delimiter  True          245 -      
087-$ZodCheckIncludes    GTOT  True   True      delimiter  True          158 -      
130-$ZodSymbol           COT   True   True      delimiter  True          138 -      
130-$ZodSymbol           TOT   True   True      delimiter  True          166 -      
130-$ZodSymbol           GTOT  True   True      delimiter  True          115 -      
147-$ZodEnum             COT   True   True      delimiter  True          246 ****   
147-$ZodEnum             TOT   True   True      delimiter  True          210 ****   
147-$ZodEnum             GTOT  True   True      delimiter  True          172 -      
159-$ZodPipe             COT   True   True      delimiter  True          305 ****   
159-$ZodPipe             TOT   True   True      delimiter  True          203 -      
159-$ZodPipe             GTOT  True   True      delimiter  True          205 -      
153-$ZodDefault          COT   True   True      delimiter  True          287 -      
153-$ZodDefault          TOT   True   True      delimiter  True          153 -      
153-$ZodDefault          GTOT  True   True      delimiter  True          104 -      
105-$ZodEmoji            COT   True   True      delimiter  True          114 -      
105-$ZodEmoji            TOT   True   True      delimiter  True          105 ****   
105-$ZodEmoji            GTOT  True   True      delimiter  True           99 -      
137-$ZodDate             COT   True   True      delimiter  True          151 -      
137-$ZodDate             TOT   True   True      delimiter  True          195 -      
137-$ZodDate             GTOT  True   True      delimiter  True          141 -      
055-ZodFile              COT   True   True      delimiter  True          155 ****   
055-ZodFile              TOT   True   True      delimiter  True          221 -      
055-ZodFile              GTOT  True   True      delimiter  True          111 -      
013-ZodUUID              COT   True   True      delimiter  True          189 ****   
013-ZodUUID              TOT   True   True      delimiter  True          155 -      
013-ZodUUID              GTOT  True   True      delimiter  True          142 -      
036-ZodSymbol            COT   True   True      delimiter  True          134 -      
036-ZodSymbol            TOT   True   True      delimiter  True          139 -      
036-ZodSymbol            GTOT  True   True      delimiter  True          163 ****   
062-ZodSuccess           COT   True   True      delimiter  True          118 ****   
062-ZodSuccess           TOT   True   True      delimiter  True          156 -      
062-ZodSuccess           GTOT  True   True      delimiter  True          170 -      
003-ZodISODateTime       COT   True   True      delimiter  True          298 -      
003-ZodISODateTime       TOT   True   True      delimiter  True          148 -      
003-ZodISODateTime       GTOT  True   True      delimiter  True          231 ****   
021-ZodKSUID             COT   True   True      delimiter  True          230 ****   
021-ZodKSUID             TOT   True   True      delimiter  True          143 -      
021-ZodKSUID             GTOT  True   True      delimiter  True          130 -      
058-ZodNullable          COT   True   True      delimiter  True          203 ****   
058-ZodNullable          TOT   True   True      delimiter  True          196 -      
058-ZodNullable          GTOT  True   True      delimiter  True           65 -      
168-ZodMiniISODate       COT   True   True      delimiter  True          183 -      
168-ZodMiniISODate       TOT   True   True      delimiter  True          129 -      
168-ZodMiniISODate       GTOT  True   True      delimiter  True           97 -      
210-ZodMiniDiscriminatedUnion COT   True   True      delimiter  True          189 ****   
210-ZodMiniDiscriminatedUnion TOT   True   True      delimiter  False         214 ****   no_fence_lines,structured
210-ZodMiniDiscriminatedUnion GTOT  True   True      delimiter  True          204 -      
197-ZodMiniBigInt        COT   True   True      delimiter  True          240 ****   
197-ZodMiniBigInt        TOT   True   True      delimiter  True          186 -      
197-ZodMiniBigInt        GTOT  True   True      delimiter  True          141 -      
206-ZodMiniDate          COT   True   True      delimiter  True          298 ****   
206-ZodMiniDate          TOT   True   True      delimiter  True          149 -      
206-ZodMiniDate          GTOT  True   True      delimiter  True          178 -      
205-ZodMiniVoid          COT   True   True      delimiter  True          121 -      
205-ZodMiniVoid          TOT   True   True      delimiter  True          196 -      
205-ZodMiniVoid          GTOT  True   True      delimiter  True          201 -      
232-ZodMiniPromise       COT   True   True      delimiter  True          304 -      
232-ZodMiniPromise       TOT   True   True      delimiter  True          168 -      
232-ZodMiniPromise       GTOT  True   True      delimiter  True          193 -      
211-ZodMiniIntersection  COT   True   True      delimiter  True          129 -      
211-ZodMiniIntersection  TOT   True   True      delimiter  True          211 -      
211-ZodMiniIntersection  GTOT  True   True      delimiter  True          173 -      
181-ZodMiniCUID2         COT   False  False     None       False        None -      
181-ZodMiniCUID2         TOT   True   True      delimiter  True          187 -      
181-ZodMiniCUID2         GTOT  True   True      delimiter  True          156 -      
per technique: {"COT": {"delimiters_found": 0.9667, "MSR_detected": 0.9667, "CSR_structured": 0.9333, "CSR_structured_strict_no_marker_decoration": 0.5}, "TOT": {"delimiters_found": 1.0, "MSR_detected": 1.0, "CSR_structured": 0.9667, "CSR_structured_strict_no_marker_decoration": 0.8667}, "GTOT": {"delimiters_found": 1.0, "MSR_detected": 1.0, "CSR_structured": 1.0, "CSR_structured_strict_no_marker_decoration": 0.9333}}
pooled: {"delimiters_found": 0.9889, "MSR_detected": 0.9889, "CSR_structured": 0.9667, "CSR_structured_strict_no_marker_decoration": 0.7667}
