086-$ZodCheckUpperCase   TOT   load_error=False cases=9 expects=13 loc=155 line=100.0 (7/7) branch=100.0 (1/1) dev_line=100.0
086-$ZodCheckUpperCase   GTOT  load_error=False cases=21 expects=26 loc=229 line=57.14 (4/7) branch=None (0/0) dev_line=100.0
098-$ZodType             COT   load_error=False cases=8 expects=8 loc=211 line=8.64 (7/81) branch=50.0 (2/4) dev_line=100.0
098-$ZodType             TOT   load_error=True cases=0 expects=14 loc=318 line=None (None/None) branch=None (None/None) dev_line=100.0
098-$ZodType             GTOT  load_error=False cases=6 expects=10 loc=256 line=33.33 (27/81) branch=44.44 (4/9) dev_line=100.0
053-ZodEnum              COT   load_error=False cases=14 expects=19 loc=203 line=100.0 (35/35) branch=100.0 (10/10) dev_line=100.0
053-ZodEnum              TOT   load_error=False cases=11 expects=26 loc=171 line=100.0 (35/35) branch=100.0 (9/9) dev_line=100.0
053-ZodEnum              GTOT  load_error=False cases=10 expects=20 loc=170 line=100.0 (35/35) branch=100.0 (11/11) dev_line=100.0
038-ZodNull              COT   load_error=False cases=16 expects=27 loc=181 line=25.0 (1/4) branch=None (0/0) dev_line=100.0
038-ZodNull              TOT   load_error=True cases=0 expects=10 loc=105 line=None (None/None) branch=None (None/None) dev_line=100.0
038-ZodNull              GTOT  load_error=True cases=0 expects=17 loc=157 line=None (None/None) branch=None (None/None) dev_line=100.0
231-ZodMiniLazy          COT   load_error=False cases=17 expects=29 loc=195 line=100.0 (7/7) branch=100.0 (1/1) dev_line=100.0
231-ZodMiniLazy          TOT   load_error=True cases=0 expects=15 loc=140 line=None (None/None) branch=None (None/None) dev_line=100.0
231-ZodMiniLazy          GTOT  load_error=False cases=14 expects=24 loc=195 line=57.14 (4/7) branch=None (0/0) dev_line=100.0
117-$ZodIPv6             COT   load_error=True cases=0 expects=18 loc=221 line=None (None/None) branch=None (None/None) dev_line=100.0
117-$ZodIPv6             TOT   load_error=False cases=5 expects=8 loc=131 line=33.33 (7/21) branch=100.0 (1/1) dev_line=100.0
117-$ZodIPv6             GTOT  load_error=False cases=8 expects=16 loc=89 line=33.33 (7/21) branch=100.0 (1/1) dev_line=100.0
088-$ZodCheckStartsWith  COT   load_error=False cases=8 expects=15 loc=186 line=100.0 (25/25) branch=100.0 (5/5) dev_line=100.0
088-$ZodCheckStartsWith  TOT   load_error=False cases=6 expects=20 loc=147 line=100.0 (25/25) branch=100.0 (5/5) dev_line=100.0
088-$ZodCheckStartsWith  GTOT  load_error=False cases=11 expects=23 loc=152 line=100.0 (25/25) branch=100.0 (5/5) dev_line=100.0
140-$ZodUnion            COT   load_error=False cases=13 expects=21 loc=182 line=100.0 (46/46) branch=100.0 (28/28) dev_line=82.61
140-$ZodUnion            TOT   load_error=False cases=12 expects=16 loc=248 line=100.0 (46/46) branch=96.43 (27/28) dev_line=82.61
140-$ZodUnion            GTOT  load_error=False cases=13 expects=21 loc=285 line=26.09 (12/46) branch=100.0 (1/1) dev_line=82.61
087-$ZodCheckIncludes    COT   load_error=False cases=9 expects=18 loc=223 line=100.0 (26/26) branch=100.0 (7/7) dev_line=100.0
087-$ZodCheckIncludes    TOT   load_error=False cases=8 expects=18 loc=245 line=57.69 (15/26) branch=100.0 (4/4) dev_line=100.0
087-$ZodCheckIncludes    GTOT  load_error=False cases=10 expects=16 loc=158 line=46.15 (12/26) branch=33.33 (1/3) dev_line=100.0
130-$ZodSymbol           COT   load_error=True cases=0 expects=10 loc=138 line=None (None/None) branch=None (None/None) dev_line=100.0
130-$ZodSymbol           TOT   load_error=False cases=5 expects=19 loc=166 line=100.0 (14/14) branch=100.0 (4/4) dev_line=100.0
130-$ZodSymbol           GTOT  load_error=True cases=0 expects=21 loc=115 line=None (None/None) branch=None (None/None) dev_line=100.0
147-$ZodEnum             COT   load_error=False cases=18 expects=49 loc=246 line=50.0 (12/24) branch=100.0 (5/5) dev_line=100.0
147-$ZodEnum             TOT   load_error=False cases=15 expects=46 loc=210 line=91.67 (22/24) branch=85.71 (6/7) dev_line=100.0
147-$ZodEnum             GTOT  load_error=False cases=8 expects=27 loc=172 line=100.0 (24/24) branch=100.0 (7/7) dev_line=100.0
159-$ZodPipe             COT   load_error=True cases=0 expects=18 loc=305 line=None (None/None) branch=None (None/None) dev_line=100.0
159-$ZodPipe             TOT   load_error=False cases=5 expects=19 loc=203 line=100.0 (14/14) branch=100.0 (9/9) dev_line=100.0
159-$ZodPipe             GTOT  load_error=False cases=9 expects=18 loc=205 line=7.14 (1/14) branch=None (0/0) dev_line=100.0
153-$ZodDefault          COT   load_error=False cases=8 expects=17 loc=287 line=0.0 (0/19) branch=None (0/0) dev_line=89.47
153-$ZodDefault          TOT   load_error=False cases=6 expects=14 loc=153 line=100.0 (19/19) branch=100.0 (6/6) dev_line=89.47
153-$ZodDefault          GTOT  load_error=False cases=9 expects=10 loc=104 line=100.0 (19/19) branch=100.0 (7/7) dev_line=89.47
105-$ZodEmoji            COT   load_error=True cases=0 expects=19 loc=114 line=None (None/None) branch=None (None/None) dev_line=100.0
105-$ZodEmoji            TOT   load_error=False cases=13 expects=13 loc=105 line=100.0 (7/7) branch=100.0 (1/1) dev_line=100.0
105-$ZodEmoji            GTOT  load_error=False cases=13 expects=16 loc=99 line=57.14 (4/7) branch=None (0/0) dev_line=100.0
137-$ZodDate             COT   load_error=False cases=14 expects=29 loc=151 line=100.0 (22/22) branch=88.89 (8/9) dev_line=100.0
137-$ZodDate             TOT   load_error=False cases=7 expects=25 loc=195 line=100.0 (22/22) branch=88.89 (8/9) dev_line=100.0
137-$ZodDate             GTOT  load_error=False cases=13 expects=35 loc=141 line=100.0 (22/22) branch=88.89 (8/9) dev_line=100.0
055-ZodFile              COT   load_error=False cases=17 expects=17 loc=155 line=100.0 (7/7) branch=100.0 (1/1) dev_line=100.0
055-ZodFile              TOT   load_error=False cases=17 expects=13 loc=221 line=100.0 (7/7) branch=100.0 (1/1) dev_line=100.0
055-ZodFile              GTOT  load_error=False cases=12 expects=19 loc=111 line=100.0 (7/7) branch=100.0 (1/1) dev_line=100.0
013-ZodUUID              COT   load_error=False cases=13 expects=23 loc=189 line=25.0 (1/4) branch=None (0/0) dev_line=100.0
013-ZodUUID              TOT   load_error=False cases=8 expects=18 loc=155 line=25.0 (1/4) branch=None (0/0) dev_line=100.0
013-ZodUUID              GTOT  load_error=False cases=16 expects=25 loc=142 line=25.0 (1/4) branch=None (0/0) dev_line=100.0
036-ZodSymbol            COT   load_error=False cases=15 expects=21 loc=134 line=100.0 (4/4) branch=100.0 (1/1) dev_line=100.0
036-ZodSymbol            TOT   load_error=False cases=8 expects=13 loc=139 line=100.0 (4/4) branch=100.0 (1/1) dev_line=100.0
036-ZodSymbol            GTOT  load_error=True cases=0 expects=10 loc=163 line=None (None/None) branch=None (None/None) dev_line=100.0
062-ZodSuccess           COT   load_error=False cases=10 expects=10 loc=118 line=100.0 (5/5) branch=100.0 (2/2) dev_line=100.0
062-ZodSuccess           TOT   load_error=False cases=6 expects=11 loc=156 line=100.0 (5/5) branch=100.0 (2/2) dev_line=100.0
062-ZodSuccess           GTOT  load_error=False cases=13 expects=9 loc=170 line=100.0 (5/5) branch=100.0 (2/2) dev_line=100.0
003-ZodISODateTime       COT   load_error=True cases=0 expects=32 loc=298 line=None (None/None) branch=None (None/None) dev_line=100.0
003-ZodISODateTime       TOT   load_error=False cases=31 expects=12 loc=148 line=100.0 (7/7) branch=100.0 (1/1) dev_line=100.0
003-ZodISODateTime       GTOT  load_error=False cases=23 expects=38 loc=231 line=57.14 (4/7) branch=None (0/0) dev_line=100.0
021-ZodKSUID             COT   load_error=False cases=22 expects=28 loc=230 line=25.0 (1/4) branch=None (0/0) dev_line=100.0
021-ZodKSUID             TOT   load_error=False cases=8 expects=16 loc=143 line=25.0 (1/4) branch=None (0/0) dev_line=100.0
021-ZodKSUID             GTOT  load_error=False cases=15 expects=26 loc=130 line=25.0 (1/4) branch=None (0/0) dev_line=100.0
058-ZodNullable          COT   load_error=False cases=8 expects=13 loc=203 line=0.0 (0/8) branch=None (0/0) dev_line=100.0
058-ZodNullable          TOT   load_error=False cases=7 expects=12 loc=196 line=50.0 (4/8) branch=None (0/0) dev_line=100.0
058-ZodNullable          GTOT  load_error=False cases=5 expects=7 loc=65 line=100.0 (8/8) branch=100.0 (1/1) dev_line=100.0
168-ZodMiniISODate       COT   load_error=False cases=12 expects=14 loc=183 line=57.14 (4/7) branch=None (0/0) dev_line=100.0
168-ZodMiniISODate       TOT   load_error=False cases=15 expects=16 loc=129 line=57.14 (4/7) branch=None (0/0) dev_line=100.0
168-ZodMiniISODate       GTOT  load_error=False cases=14 expects=16 loc=97 line=57.14 (4/7) branch=None (0/0) dev_line=100.0
210-ZodMiniDiscriminatedUnion COT   load_error=False cases=6 expects=13 loc=189 line=100.0 (7/7) branch=100.0 (1/1) dev_line=57.14
210-ZodMiniDiscriminatedUnion GTOT  load_error=False cases=14 expects=18 loc=204 line=100.0 (7/7) branch=100.0 (1/1) dev_line=57.14
197-ZodMiniBigInt        COT   load_error=False cases=24 expects=43 loc=240 line=100.0 (7/7) branch=100.0 (1/1) dev_line=100.0
197-ZodMiniBigInt        TOT   load_error=True cases=0 expects=31 loc=186 line=None (None/None) branch=None (None/None) dev_line=100.0
197-ZodMiniBigInt        GTOT  load_error=True cases=0 expects=27 loc=141 line=None (None/None) branch=None (None/None) dev_line=100.0
206-ZodMiniDate          COT   load_error=False cases=14 expects=39 loc=298 line=57.14 (4/7) branch=None (0/0) dev_line=100.0
206-ZodMiniDate          TOT   load_error=False cases=14 expects=26 loc=149 line=100.0 (7/7) branch=100.0 (1/1) dev_line=100.0
206-ZodMiniDate          GTOT  load_error=False cases=25 expects=32 loc=178 line=100.0 (7/7) branch=100.0 (1/1) dev_line=100.0
205-ZodMiniVoid          COT   load_error=False cases=10 expects=20 loc=121 line=100.0 (7/7) branch=100.0 (1/1) dev_line=100.0
205-ZodMiniVoid          TOT   load_error=False cases=62 expects=19 loc=196 line=100.0 (7/7) branch=100.0 (1/1) dev_line=100.0
205-ZodMiniVoid          GTOT  load_error=True cases=0 expects=27 loc=201 line=None (None/None) branch=None (None/None) dev_line=100.0
232-ZodMiniPromise       COT   load_error=True cases=0 expects=35 loc=304 line=None (None/None) branch=None (None/None) dev_line=100.0
232-ZodMiniPromise       TOT   load_error=True cases=0 expects=18 loc=168 line=None (None/None) branch=None (None/None) dev_line=100.0
232-ZodMiniPromise       GTOT  load_error=False cases=15 expects=25 loc=193 line=100.0 (7/7) branch=100.0 (1/1) dev_line=100.0
211-ZodMiniIntersection  COT   load_error=False cases=10 expects=13 loc=129 line=100.0 (7/7) branch=100.0 (1/1) dev_line=100.0
211-ZodMiniIntersection  TOT   load_error=True cases=0 expects=15 loc=211 line=None (None/None) branch=None (None/None) dev_line=100.0
211-ZodMiniIntersection  GTOT  load_error=True cases=0 expects=18 loc=173 line=None (None/None) branch=None (None/None) dev_line=100.0
181-ZodMiniCUID2         TOT   load_error=False cases=9 expects=25 loc=187 line=57.14 (4/7) branch=None (0/0) dev_line=100.0
181-ZodMiniCUID2         GTOT  load_error=False cases=50 expects=15 loc=156 line=100.0 (7/7) branch=100.0 (1/1) dev_line=100.0
Phase 6 coverage: git tree clean of pilot files and tracked changes
